// Vitest Snapshot v1, https://vitest.dev/guide/snapshot.html

exports[`renders 1`] = `
<DocumentFragment>
  <header>
    <h1
      class="fancy-h1"
      data-testid="h1tag"
    >
      hello
    </h1>
  </header>
</DocumentFragment>
`;
